// Jest Snapshot v1, https://goo.gl/fbAQLP

exports[`header component renders correctly 1`] = `
<Header>
  <div
    className="app-header"
  >
    <Container
      tag="div"
    >
      <div
        className="container"
      >
        <Row
          tag="div"
        >
          <div
            className="row"
          >
            <Col
              lg="1"
              md="1"
              tag="div"
              widths={
                Array [
                  "xs",
                  "sm",
                  "md",
                  "lg",
                  "xl",
                ]
              }
            >
              <div
                className="col col-md-1 col-lg-1"
              >
                NEPC Tree View
              </div>
            </Col>
            <Col
              className="test"
              lg="4"
              md="4"
              tag="div"
              widths={
                Array [
                  "xs",
                  "sm",
                  "md",
                  "lg",
                  "xl",
                ]
              }
            >
              <div
                className="test col col-md-4 col-lg-4"
              >
                Segment: Segment 1
              </div>
            </Col>
            <Col
              className="test"
              lg="2"
              md="2"
              tag="div"
              widths={
                Array [
                  "xs",
                  "sm",
                  "md",
                  "lg",
                  "xl",
                ]
              }
            >
              <div
                className="test col col-md-2 col-lg-2"
              >
                Client: Bose
              </div>
            </Col>
            <Col
              className="test"
              lg="5"
              md="5"
              tag="div"
              widths={
                Array [
                  "xs",
                  "sm",
                  "md",
                  "lg",
                  "xl",
                ]
              }
            >
              <div
                className="test col col-md-5 col-lg-5"
              >
                Plan: Bose Corporation Employees’ Retirement Plan
              </div>
            </Col>
          </div>
        </Row>
      </div>
    </Container>
  </div>
</Header>
`;
